Command line invocation:
    /Applications/Xcode.app/Contents/Developer/usr/bin/xcodebuild -project Chowser.xcodeproj -scheme Chowser -configuration Debug

--- xcodebuild: WARNING: Using the first of multiple matching destinations:
{ platform:macOS, arch:arm64, id:00006040-000A70890C04801C, name:My Mac }
{ platform:macOS, arch:x86_64, id:00006040-000A70890C04801C, name:My Mac }
{ platform:macOS, name:Any Mac }
ComputePackagePrebuildTargetDependencyGraph

Prepare packages

CreateBuildRequest

SendProjectDescription

CreateBuildOperation

ComputeTargetDependencyGraph
note: Building targets in dependency order
note: Target dependency graph (1 target)
    Target 'Chowser' in project 'Chowser' (no dependencies)

GatherProvisioningInputs

CreateBuildDescription

ExecuteExternalTool /Applications/Xcode.app/Contents/Developer/Toolchains/XcodeDefault.xctoolchain/usr/bin/clang -v -E -dM -isysroot /Applications/Xcode.app/Contents/Developer/Platforms/MacOSX.platform/Developer/SDKs/MacOSX26.2.sdk -x c -c /dev/null

ExecuteExternalTool /Applications/Xcode.app/Contents/Developer/usr/bin/actool --version --output-format xml1

ExecuteExternalTool /Applications/Xcode.app/Contents/Developer/Toolchains/XcodeDefault.xctoolchain/usr/bin/swiftc --version

ExecuteExternalTool /Applications/Xcode.app/Contents/Developer/Toolchains/XcodeDefault.xctoolchain/usr/bin/ld -version_details

Build description signature: b373426c1d0b64247b2cf03b91a7e386
Build description path: /Users/sreeram/Library/Developer/Xcode/DerivedData/Chowser-beahajwjvizoovalnuskecignryj/Build/Intermediates.noindex/XCBuildData/b373426c1d0b64247b2cf03b91a7e386.xcbuilddata
ProcessProductPackaging /Users/sreeram/workspace/Sreeram/projects/Chowser/Chowser/Chowser.entitlements /Users/sreeram/Library/Developer/Xcode/DerivedData/Chowser-beahajwjvizoovalnuskecignryj/Build/Intermediates.noindex/Chowser.build/Debug/Chowser.build/Chowser.app.xcent (in target 'Chowser' from project 'Chowser')
    cd /Users/sreeram/workspace/Sreeram/projects/Chowser
    
    Entitlements:
    
    {
    "com.apple.security.cs.allow-unsigned-executable-memory" = 0;
    "com.apple.security.files.user-selected.read-only" = 1;
    "com.apple.security.get-task-allow" = 1;
}
    
    builtin-productPackagingUtility /Users/sreeram/workspace/Sreeram/projects/Chowser/Chowser/Chowser.entitlements -entitlements -format xml -o /Users/sreeram/Library/Developer/Xcode/DerivedData/Chowser-beahajwjvizoovalnuskecignryj/Build/Intermediates.noindex/Chowser.build/Debug/Chowser.build/Chowser.app.xcent

ProcessProductPackagingDER /Users/sreeram/Library/Developer/Xcode/DerivedData/Chowser-beahajwjvizoovalnuskecignryj/Build/Intermediates.noindex/Chowser.build/Debug/Chowser.build/Chowser.app.xcent /Users/sreeram/Library/Developer/Xcode/DerivedData/Chowser-beahajwjvizoovalnuskecignryj/Build/Intermediates.noindex/Chowser.build/Debug/Chowser.build/Chowser.app.xcent.der (in target 'Chowser' from project 'Chowser')
    cd /Users/sreeram/workspace/Sreeram/projects/Chowser
    /usr/bin/derq query -f xml -i /Users/sreeram/Library/Developer/Xcode/DerivedData/Chowser-beahajwjvizoovalnuskecignryj/Build/Intermediates.noindex/Chowser.build/Debug/Chowser.build/Chowser.app.xcent -o /Users/sreeram/Library/Developer/Xcode/DerivedData/Chowser-beahajwjvizoovalnuskecignryj/Build/Intermediates.noindex/Chowser.build/Debug/Chowser.build/Chowser.app.xcent.der --raw

Ld /Users/sreeram/Library/Developer/Xcode/DerivedData/Chowser-beahajwjvizoovalnuskecignryj/Build/Products/Debug/Chowser.app/Contents/MacOS/__preview.dylib normal (in target 'Chowser' from project 'Chowser')
    cd /Users/sreeram/workspace/Sreeram/projects/Chowser
    /Applications/Xcode.app/Contents/Developer/Toolchains/XcodeDefault.xctoolchain/usr/bin/clang -Xlinker -reproducible -target arm64-apple-macos14.0 -dynamiclib -isysroot /Applications/Xcode.app/Contents/Developer/Platforms/MacOSX.platform/Developer/SDKs/MacOSX26.2.sdk -O0 -L/Users/sreeram/Library/Developer/Xcode/DerivedData/Chowser-beahajwjvizoovalnuskecignryj/Build/Products/Debug -F/Users/sreeram/Library/Developer/Xcode/DerivedData/Chowser-beahajwjvizoovalnuskecignryj/Build/Products/Debug -install_name @rpath/Chowser.debug.dylib -rdynamic -Xlinker -no_deduplicate -Xlinker -debug_variant -Xlinker -dependency_info -Xlinker /Users/sreeram/Library/Developer/Xcode/DerivedData/Chowser-beahajwjvizoovalnuskecignryj/Build/Intermediates.noindex/Chowser.build/Debug/Chowser.build/Objects-normal/arm64/Chowser_dependency_info.dat -Xlinker -no_adhoc_codesign -o /Users/sreeram/Library/Developer/Xcode/DerivedData/Chowser-beahajwjvizoovalnuskecignryj/Build/Products/Debug/Chowser.app/Contents/MacOS/__preview.dylib

ClangStatCache /Applications/Xcode.app/Contents/Developer/Toolchains/XcodeDefault.xctoolchain/usr/bin/clang-stat-cache /Applications/Xcode.app/Contents/Developer/Platforms/MacOSX.platform/Developer/SDKs/MacOSX26.2.sdk /Users/sreeram/Library/Developer/Xcode/DerivedData/SDKStatCaches.noindex/macosx26.2-25C57-00fa09913b459cbbc988d1f6730289ae.sdkstatcache
    cd /Users/sreeram/workspace/Sreeram/projects/Chowser/Chowser.xcodeproj
    /Applications/Xcode.app/Contents/Developer/Toolchains/XcodeDefault.xctoolchain/usr/bin/clang-stat-cache /Applications/Xcode.app/Contents/Developer/Platforms/MacOSX.platform/Developer/SDKs/MacOSX26.2.sdk -o /Users/sreeram/Library/Developer/Xcode/DerivedData/SDKStatCaches.noindex/macosx26.2-25C57-00fa09913b459cbbc988d1f6730289ae.sdkstatcache

WriteAuxiliaryFile /Users/sreeram/Library/Developer/Xcode/DerivedData/Chowser-beahajwjvizoovalnuskecignryj/Build/Intermediates.noindex/Chowser.build/Debug/Chowser.build/Objects-normal/arm64/Chowser.SwiftFileList (in target 'Chowser' from project 'Chowser')
    cd /Users/sreeram/workspace/Sreeram/projects/Chowser
    write-file /Users/sreeram/Library/Developer/Xcode/DerivedData/Chowser-beahajwjvizoovalnuskecignryj/Build/Intermediates.noindex/Chowser.build/Debug/Chowser.build/Objects-normal/arm64/Chowser.SwiftFileList

WriteAuxiliaryFile /Users/sreeram/Library/Developer/Xcode/DerivedData/Chowser-beahajwjvizoovalnuskecignryj/Build/Intermediates.noindex/Chowser.build/Debug/Chowser.build/Objects-normal/arm64/Chowser.LinkFileList (in target 'Chowser' from project 'Chowser')
    cd /Users/sreeram/workspace/Sreeram/projects/Chowser
    write-file /Users/sreeram/Library/Developer/Xcode/DerivedData/Chowser-beahajwjvizoovalnuskecignryj/Build/Intermediates.noindex/Chowser.build/Debug/Chowser.build/Objects-normal/arm64/Chowser.LinkFileList

WriteAuxiliaryFile /Users/sreeram/Library/Developer/Xcode/DerivedData/Chowser-beahajwjvizoovalnuskecignryj/Build/Intermediates.noindex/Chowser.build/Debug/Chowser.build/Objects-normal/arm64/Chowser.SwiftConstValuesFileList (in target 'Chowser' from project 'Chowser')
    cd /Users/sreeram/workspace/Sreeram/projects/Chowser
    write-file /Users/sreeram/Library/Developer/Xcode/DerivedData/Chowser-beahajwjvizoovalnuskecignryj/Build/Intermediates.noindex/Chowser.build/Debug/Chowser.build/Objects-normal/arm64/Chowser.SwiftConstValuesFileList

ProcessInfoPlistFile /Users/sreeram/Library/Developer/Xcode/DerivedData/Chowser-beahajwjvizoovalnuskecignryj/Build/Products/Debug/Chowser.app/Contents/Info.plist /Users/sreeram/workspace/Sreeram/projects/Chowser/Chowser/Info.plist (in target 'Chowser' from project 'Chowser')
    cd /Users/sreeram/workspace/Sreeram/projects/Chowser
    builtin-infoPlistUtility /Users/sreeram/workspace/Sreeram/projects/Chowser/Chowser/Info.plist -producttype com.apple.product-type.application -genpkginfo /Users/sreeram/Library/Developer/Xcode/DerivedData/Chowser-beahajwjvizoovalnuskecignryj/Build/Products/Debug/Chowser.app/Contents/PkgInfo -expandbuildsettings -platform macosx -additionalcontentfile /Users/sreeram/Library/Developer/Xcode/DerivedData/Chowser-beahajwjvizoovalnuskecignryj/Build/Intermediates.noindex/Chowser.build/Debug/Chowser.build/assetcatalog_generated_info.plist -o /Users/sreeram/Library/Developer/Xcode/DerivedData/Chowser-beahajwjvizoovalnuskecignryj/Build/Products/Debug/Chowser.app/Contents/Info.plist

SwiftDriver Chowser normal arm64 com.apple.xcode.tools.swift.compiler (in target 'Chowser' from project 'Chowser')
    cd /Users/sreeram/workspace/Sreeram/projects/Chowser
    builtin-SwiftDriver -- /Applications/Xcode.app/Contents/Developer/Toolchains/XcodeDefault.xctoolchain/usr/bin/swiftc -module-name Chowser -Onone -enforce-exclusivity\=checked @/Users/sreeram/Library/Developer/Xcode/DerivedData/Chowser-beahajwjvizoovalnuskecignryj/Build/Intermediates.noindex/Chowser.build/Debug/Chowser.build/Objects-normal/arm64/Chowser.SwiftFileList -DDEBUG -default-isolation\=MainActor -enable-bare-slash-regex -enable-upcoming-feature DisableOutwardActorInference -enable-upcoming-feature InferSendableFromCaptures -enable-upcoming-feature GlobalActorIsolatedTypesUsability -enable-upcoming-feature MemberImportVisibility -enable-upcoming-feature InferIsolatedConformances -enable-upcoming-feature NonisolatedNonsendingByDefault -enable-experimental-feature DebugDescriptionMacro -sdk /Applications/Xcode.app/Contents/Developer/Platforms/MacOSX.platform/Developer/SDKs/MacOSX26.2.sdk -target arm64-apple-macos14.0 -g -module-cache-path /Users/sreeram/Library/Developer/Xcode/DerivedData/ModuleCache.noindex -Xfrontend -serialize-debugging-options -profile-coverage-mapping -profile-generate -enable-testing -index-store-path /Users/sreeram/Library/Developer/Xcode/DerivedData/Chowser-beahajwjvizoovalnuskecignryj/Index.noindex/DataStore -Xcc -D_LIBCPP_HARDENING_MODE\=_LIBCPP_HARDENING_MODE_DEBUG -swift-version 5 -I /Users/sreeram/Library/Developer/Xcode/DerivedData/Chowser-beahajwjvizoovalnuskecignryj/Build/Products/Debug -F /Users/sreeram/Library/Developer/Xcode/DerivedData/Chowser-beahajwjvizoovalnuskecignryj/Build/Products/Debug -emit-localized-strings -emit-localized-strings-path /Users/sreeram/Library/Developer/Xcode/DerivedData/Chowser-beahajwjvizoovalnuskecignryj/Build/Intermediates.noindex/Chowser.build/Debug/Chowser.build/Objects-normal/arm64 -c -j14 -enable-batch-mode -incremental -Xcc -ivfsstatcache -Xcc /Users/sreeram/Library/Developer/Xcode/DerivedData/SDKStatCaches.noindex/macosx26.2-25C57-00fa09913b459cbbc988d1f6730289ae.sdkstatcache -output-file-map /Users/sreeram/Library/Developer/Xcode/DerivedData/Chowser-beahajwjvizoovalnuskecignryj/Build/Intermediates.noindex/Chowser.build/Debug/Chowser.build/Objects-normal/arm64/Chowser-OutputFileMap.json -use-frontend-parseable-output -save-temps -no-color-diagnostics -explicit-module-build -module-cache-path /Users/sreeram/Library/Developer/Xcode/DerivedData/Chowser-beahajwjvizoovalnuskecignryj/Build/Intermediates.noindex/SwiftExplicitPrecompiledModules -clang-scanner-module-cache-path /Users/sreeram/Library/Developer/Xcode/DerivedData/ModuleCache.noindex -sdk-module-cache-path /Users/sreeram/Library/Developer/Xcode/DerivedData/ModuleCache.noindex -serialize-diagnostics -emit-dependencies -emit-module -emit-module-path /Users/sreeram/Library/Developer/Xcode/DerivedData/Chowser-beahajwjvizoovalnuskecignryj/Build/Intermediates.noindex/Chowser.build/Debug/Chowser.build/Objects-normal/arm64/Chowser.swiftmodule -validate-clang-modules-once -clang-build-session-file /Users/sreeram/Library/Developer/Xcode/DerivedData/ModuleCache.noindex/Session.modulevalidation -Xcc -I/Users/sreeram/Library/Developer/Xcode/DerivedData/Chowser-beahajwjvizoovalnuskecignryj/Build/Intermediates.noindex/Chowser.build/Debug/Chowser.build/swift-overrides.hmap -emit-const-values -Xfrontend -const-gather-protocols-file -Xfrontend /Users/sreeram/Library/Developer/Xcode/DerivedData/Chowser-beahajwjvizoovalnuskecignryj/Build/Intermediates.noindex/Chowser.build/Debug/Chowser.build/Objects-normal/arm64/Chowser_const_extract_protocols.json -Xcc -iquote -Xcc /Users/sreeram/Library/Developer/Xcode/DerivedData/Chowser-beahajwjvizoovalnuskecignryj/Build/Intermediates.noindex/Chowser.build/Debug/Chowser.build/Chowser-generated-files.hmap -Xcc -I/Users/sreeram/Library/Developer/Xcode/DerivedData/Chowser-beahajwjvizoovalnuskecignryj/Build/Intermediates.noindex/Chowser.build/Debug/Chowser.build/Chowser-own-target-headers.hmap -Xcc -I/Users/sreeram/Library/Developer/Xcode/DerivedData/Chowser-beahajwjvizoovalnuskecignryj/Build/Intermediates.noindex/Chowser.build/Debug/Chowser.build/Chowser-all-target-headers.hmap -Xcc -iquote -Xcc /Users/sreeram/Library/Developer/Xcode/DerivedData/Chowser-beahajwjvizoovalnuskecignryj/Build/Intermediates.noindex/Chowser.build/Debug/Chowser.build/Chowser-project-headers.hmap -Xcc -I/Users/sreeram/Library/Developer/Xcode/DerivedData/Chowser-beahajwjvizoovalnuskecignryj/Build/Products/Debug/include -Xcc -I/Users/sreeram/Library/Developer/Xcode/DerivedData/Chowser-beahajwjvizoovalnuskecignryj/Build/Intermediates.noindex/Chowser.build/Debug/Chowser.build/DerivedSources-normal/arm64 -Xcc -I/Users/sreeram/Library/Developer/Xcode/DerivedData/Chowser-beahajwjvizoovalnuskecignryj/Build/Intermediates.noindex/Chowser.build/Debug/Chowser.build/DerivedSources/arm64 -Xcc -I/Users/sreeram/Library/Developer/Xcode/DerivedData/Chowser-beahajwjvizoovalnuskecignryj/Build/Intermediates.noindex/Chowser.build/Debug/Chowser.build/DerivedSources -Xcc -DDEBUG\=1 -emit-objc-header -emit-objc-header-path /Users/sreeram/Library/Developer/Xcode/DerivedData/Chowser-beahajwjvizoovalnuskecignryj/Build/Intermediates.noindex/Chowser.build/Debug/Chowser.build/Objects-normal/arm64/Chowser-Swift.h -working-directory /Users/sreeram/workspace/Sreeram/projects/Chowser -experimental-emit-module-separately -disable-cmo

SwiftEmitModule normal arm64 Emitting\ module\ for\ Chowser (in target 'Chowser' from project 'Chowser')

EmitSwiftModule normal arm64 (in target 'Chowser' from project 'Chowser')
    cd /Users/sreeram/workspace/Sreeram/projects/Chowser
    

SwiftDriver\ Compilation Chowser normal arm64 com.apple.xcode.tools.swift.compiler (in target 'Chowser' from project 'Chowser')
    cd /Users/sreeram/workspace/Sreeram/projects/Chowser
    builtin-Swift-Compilation -- /Applications/Xcode.app/Contents/Developer/Toolchains/XcodeDefault.xctoolchain/usr/bin/swiftc -module-name Chowser -Onone -enforce-exclusivity\=checked @/Users/sreeram/Library/Developer/Xcode/DerivedData/Chowser-beahajwjvizoovalnuskecignryj/Build/Intermediates.noindex/Chowser.build/Debug/Chowser.build/Objects-normal/arm64/Chowser.SwiftFileList -DDEBUG -default-isolation\=MainActor -enable-bare-slash-regex -enable-upcoming-feature DisableOutwardActorInference -enable-upcoming-feature InferSendableFromCaptures -enable-upcoming-feature GlobalActorIsolatedTypesUsability -enable-upcoming-feature MemberImportVisibility -enable-upcoming-feature InferIsolatedConformances -enable-upcoming-feature NonisolatedNonsendingByDefault -enable-experimental-feature DebugDescriptionMacro -sdk /Applications/Xcode.app/Contents/Developer/Platforms/MacOSX.platform/Developer/SDKs/MacOSX26.2.sdk -target arm64-apple-macos14.0 -g -module-cache-path /Users/sreeram/Library/Developer/Xcode/DerivedData/ModuleCache.noindex -Xfrontend -serialize-debugging-options -profile-coverage-mapping -profile-generate -enable-testing -index-store-path /Users/sreeram/Library/Developer/Xcode/DerivedData/Chowser-beahajwjvizoovalnuskecignryj/Index.noindex/DataStore -Xcc -D_LIBCPP_HARDENING_MODE\=_LIBCPP_HARDENING_MODE_DEBUG -swift-version 5 -I /Users/sreeram/Library/Developer/Xcode/DerivedData/Chowser-beahajwjvizoovalnuskecignryj/Build/Products/Debug -F /Users/sreeram/Library/Developer/Xcode/DerivedData/Chowser-beahajwjvizoovalnuskecignryj/Build/Products/Debug -emit-localized-strings -emit-localized-strings-path /Users/sreeram/Library/Developer/Xcode/DerivedData/Chowser-beahajwjvizoovalnuskecignryj/Build/Intermediates.noindex/Chowser.build/Debug/Chowser.build/Objects-normal/arm64 -c -j14 -enable-batch-mode -incremental -Xcc -ivfsstatcache -Xcc /Users/sreeram/Library/Developer/Xcode/DerivedData/SDKStatCaches.noindex/macosx26.2-25C57-00fa09913b459cbbc988d1f6730289ae.sdkstatcache -output-file-map /Users/sreeram/Library/Developer/Xcode/DerivedData/Chowser-beahajwjvizoovalnuskecignryj/Build/Intermediates.noindex/Chowser.build/Debug/Chowser.build/Objects-normal/arm64/Chowser-OutputFileMap.json -use-frontend-parseable-output -save-temps -no-color-diagnostics -explicit-module-build -module-cache-path /Users/sreeram/Library/Developer/Xcode/DerivedData/Chowser-beahajwjvizoovalnuskecignryj/Build/Intermediates.noindex/SwiftExplicitPrecompiledModules -clang-scanner-module-cache-path /Users/sreeram/Library/Developer/Xcode/DerivedData/ModuleCache.noindex -sdk-module-cache-path /Users/sreeram/Library/Developer/Xcode/DerivedData/ModuleCache.noindex -serialize-diagnostics -emit-dependencies -emit-module -emit-module-path /Users/sreeram/Library/Developer/Xcode/DerivedData/Chowser-beahajwjvizoovalnuskecignryj/Build/Intermediates.noindex/Chowser.build/Debug/Chowser.build/Objects-normal/arm64/Chowser.swiftmodule -validate-clang-modules-once -clang-build-session-file /Users/sreeram/Library/Developer/Xcode/DerivedData/ModuleCache.noindex/Session.modulevalidation -Xcc -I/Users/sreeram/Library/Developer/Xcode/DerivedData/Chowser-beahajwjvizoovalnuskecignryj/Build/Intermediates.noindex/Chowser.build/Debug/Chowser.build/swift-overrides.hmap -emit-const-values -Xfrontend -const-gather-protocols-file -Xfrontend /Users/sreeram/Library/Developer/Xcode/DerivedData/Chowser-beahajwjvizoovalnuskecignryj/Build/Intermediates.noindex/Chowser.build/Debug/Chowser.build/Objects-normal/arm64/Chowser_const_extract_protocols.json -Xcc -iquote -Xcc /Users/sreeram/Library/Developer/Xcode/DerivedData/Chowser-beahajwjvizoovalnuskecignryj/Build/Intermediates.noindex/Chowser.build/Debug/Chowser.build/Chowser-generated-files.hmap -Xcc -I/Users/sreeram/Library/Developer/Xcode/DerivedData/Chowser-beahajwjvizoovalnuskecignryj/Build/Intermediates.noindex/Chowser.build/Debug/Chowser.build/Chowser-own-target-headers.hmap -Xcc -I/Users/sreeram/Library/Developer/Xcode/DerivedData/Chowser-beahajwjvizoovalnuskecignryj/Build/Intermediates.noindex/Chowser.build/Debug/Chowser.build/Chowser-all-target-headers.hmap -Xcc -iquote -Xcc /Users/sreeram/Library/Developer/Xcode/DerivedData/Chowser-beahajwjvizoovalnuskecignryj/Build/Intermediates.noindex/Chowser.build/Debug/Chowser.build/Chowser-project-headers.hmap -Xcc -I/Users/sreeram/Library/Developer/Xcode/DerivedData/Chowser-beahajwjvizoovalnuskecignryj/Build/Products/Debug/include -Xcc -I/Users/sreeram/Library/Developer/Xcode/DerivedData/Chowser-beahajwjvizoovalnuskecignryj/Build/Intermediates.noindex/Chowser.build/Debug/Chowser.build/DerivedSources-normal/arm64 -Xcc -I/Users/sreeram/Library/Developer/Xcode/DerivedData/Chowser-beahajwjvizoovalnuskecignryj/Build/Intermediates.noindex/Chowser.build/Debug/Chowser.build/DerivedSources/arm64 -Xcc -I/Users/sreeram/Library/Developer/Xcode/DerivedData/Chowser-beahajwjvizoovalnuskecignryj/Build/Intermediates.noindex/Chowser.build/Debug/Chowser.build/DerivedSources -Xcc -DDEBUG\=1 -emit-objc-header -emit-objc-header-path /Users/sreeram/Library/Developer/Xcode/DerivedData/Chowser-beahajwjvizoovalnuskecignryj/Build/Intermediates.noindex/Chowser.build/Debug/Chowser.build/Objects-normal/arm64/Chowser-Swift.h -working-directory /Users/sreeram/workspace/Sreeram/projects/Chowser -experimental-emit-module-separately -disable-cmo

SwiftDriverJobDiscovery normal arm64 Emitting module for Chowser (in target 'Chowser' from project 'Chowser')

SwiftDriver\ Compilation\ Requirements Chowser normal arm64 com.apple.xcode.tools.swift.compiler (in target 'Chowser' from project 'Chowser')
    cd /Users/sreeram/workspace/Sreeram/projects/Chowser
    builtin-Swift-Compilation-Requirements -- /Applications/Xcode.app/Contents/Developer/Toolchains/XcodeDefault.xctoolchain/usr/bin/swiftc -module-name Chowser -Onone -enforce-exclusivity\=checked @/Users/sreeram/Library/Developer/Xcode/DerivedData/Chowser-beahajwjvizoovalnuskecignryj/Build/Intermediates.noindex/Chowser.build/Debug/Chowser.build/Objects-normal/arm64/Chowser.SwiftFileList -DDEBUG -default-isolation\=MainActor -enable-bare-slash-regex -enable-upcoming-feature DisableOutwardActorInference -enable-upcoming-feature InferSendableFromCaptures -enable-upcoming-feature GlobalActorIsolatedTypesUsability -enable-upcoming-feature MemberImportVisibility -enable-upcoming-feature InferIsolatedConformances -enable-upcoming-feature NonisolatedNonsendingByDefault -enable-experimental-feature DebugDescriptionMacro -sdk /Applications/Xcode.app/Contents/Developer/Platforms/MacOSX.platform/Developer/SDKs/MacOSX26.2.sdk -target arm64-apple-macos14.0 -g -module-cache-path /Users/sreeram/Library/Developer/Xcode/DerivedData/ModuleCache.noindex -Xfrontend -serialize-debugging-options -profile-coverage-mapping -profile-generate -enable-testing -index-store-path /Users/sreeram/Library/Developer/Xcode/DerivedData/Chowser-beahajwjvizoovalnuskecignryj/Index.noindex/DataStore -Xcc -D_LIBCPP_HARDENING_MODE\=_LIBCPP_HARDENING_MODE_DEBUG -swift-version 5 -I /Users/sreeram/Library/Developer/Xcode/DerivedData/Chowser-beahajwjvizoovalnuskecignryj/Build/Products/Debug -F /Users/sreeram/Library/Developer/Xcode/DerivedData/Chowser-beahajwjvizoovalnuskecignryj/Build/Products/Debug -emit-localized-strings -emit-localized-strings-path /Users/sreeram/Library/Developer/Xcode/DerivedData/Chowser-beahajwjvizoovalnuskecignryj/Build/Intermediates.noindex/Chowser.build/Debug/Chowser.build/Objects-normal/arm64 -c -j14 -enable-batch-mode -incremental -Xcc -ivfsstatcache -Xcc /Users/sreeram/Library/Developer/Xcode/DerivedData/SDKStatCaches.noindex/macosx26.2-25C57-00fa09913b459cbbc988d1f6730289ae.sdkstatcache -output-file-map /Users/sreeram/Library/Developer/Xcode/DerivedData/Chowser-beahajwjvizoovalnuskecignryj/Build/Intermediates.noindex/Chowser.build/Debug/Chowser.build/Objects-normal/arm64/Chowser-OutputFileMap.json -use-frontend-parseable-output -save-temps -no-color-diagnostics -explicit-module-build -module-cache-path /Users/sreeram/Library/Developer/Xcode/DerivedData/Chowser-beahajwjvizoovalnuskecignryj/Build/Intermediates.noindex/SwiftExplicitPrecompiledModules -clang-scanner-module-cache-path /Users/sreeram/Library/Developer/Xcode/DerivedData/ModuleCache.noindex -sdk-module-cache-path /Users/sreeram/Library/Developer/Xcode/DerivedData/ModuleCache.noindex -serialize-diagnostics -emit-dependencies -emit-module -emit-module-path /Users/sreeram/Library/Developer/Xcode/DerivedData/Chowser-beahajwjvizoovalnuskecignryj/Build/Intermediates.noindex/Chowser.build/Debug/Chowser.build/Objects-normal/arm64/Chowser.swiftmodule -validate-clang-modules-once -clang-build-session-file /Users/sreeram/Library/Developer/Xcode/DerivedData/ModuleCache.noindex/Session.modulevalidation -Xcc -I/Users/sreeram/Library/Developer/Xcode/DerivedData/Chowser-beahajwjvizoovalnuskecignryj/Build/Intermediates.noindex/Chowser.build/Debug/Chowser.build/swift-overrides.hmap -emit-const-values -Xfrontend -const-gather-protocols-file -Xfrontend /Users/sreeram/Library/Developer/Xcode/DerivedData/Chowser-beahajwjvizoovalnuskecignryj/Build/Intermediates.noindex/Chowser.build/Debug/Chowser.build/Objects-normal/arm64/Chowser_const_extract_protocols.json -Xcc -iquote -Xcc /Users/sreeram/Library/Developer/Xcode/DerivedData/Chowser-beahajwjvizoovalnuskecignryj/Build/Intermediates.noindex/Chowser.build/Debug/Chowser.build/Chowser-generated-files.hmap -Xcc -I/Users/sreeram/Library/Developer/Xcode/DerivedData/Chowser-beahajwjvizoovalnuskecignryj/Build/Intermediates.noindex/Chowser.build/Debug/Chowser.build/Chowser-own-target-headers.hmap -Xcc -I/Users/sreeram/Library/Developer/Xcode/DerivedData/Chowser-beahajwjvizoovalnuskecignryj/Build/Intermediates.noindex/Chowser.build/Debug/Chowser.build/Chowser-all-target-headers.hmap -Xcc -iquote -Xcc /Users/sreeram/Library/Developer/Xcode/DerivedData/Chowser-beahajwjvizoovalnuskecignryj/Build/Intermediates.noindex/Chowser.build/Debug/Chowser.build/Chowser-project-headers.hmap -Xcc -I/Users/sreeram/Library/Developer/Xcode/DerivedData/Chowser-beahajwjvizoovalnuskecignryj/Build/Products/Debug/include -Xcc -I/Users/sreeram/Library/Developer/Xcode/DerivedData/Chowser-beahajwjvizoovalnuskecignryj/Build/Intermediates.noindex/Chowser.build/Debug/Chowser.build/DerivedSources-normal/arm64 -Xcc -I/Users/sreeram/Library/Developer/Xcode/DerivedData/Chowser-beahajwjvizoovalnuskecignryj/Build/Intermediates.noindex/Chowser.build/Debug/Chowser.build/DerivedSources/arm64 -Xcc -I/Users/sreeram/Library/Developer/Xcode/DerivedData/Chowser-beahajwjvizoovalnuskecignryj/Build/Intermediates.noindex/Chowser.build/Debug/Chowser.build/DerivedSources -Xcc -DDEBUG\=1 -emit-objc-header -emit-objc-header-path /Users/sreeram/Library/Developer/Xcode/DerivedData/Chowser-beahajwjvizoovalnuskecignryj/Build/Intermediates.noindex/Chowser.build/Debug/Chowser.build/Objects-normal/arm64/Chowser-Swift.h -working-directory /Users/sreeram/workspace/Sreeram/projects/Chowser -experimental-emit-module-separately -disable-cmo

Copy /Users/sreeram/Library/Developer/Xcode/DerivedData/Chowser-beahajwjvizoovalnuskecignryj/Build/Products/Debug/Chowser.swiftmodule/Project/arm64-apple-macos.swiftsourceinfo /Users/sreeram/Library/Developer/Xcode/DerivedData/Chowser-beahajwjvizoovalnuskecignryj/Build/Intermediates.noindex/Chowser.build/Debug/Chowser.build/Objects-normal/arm64/Chowser.swiftsourceinfo (in target 'Chowser' from project 'Chowser')
    cd /Users/sreeram/workspace/Sreeram/projects/Chowser
    builtin-copy -exclude .DS_Store -exclude CVS -exclude .svn -exclude .git -exclude .hg -resolve-src-symlinks -rename /Users/sreeram/Library/Developer/Xcode/DerivedData/Chowser-beahajwjvizoovalnuskecignryj/Build/Intermediates.noindex/Chowser.build/Debug/Chowser.build/Objects-normal/arm64/Chowser.swiftsourceinfo /Users/sreeram/Library/Developer/Xcode/DerivedData/Chowser-beahajwjvizoovalnuskecignryj/Build/Products/Debug/Chowser.swiftmodule/Project/arm64-apple-macos.swiftsourceinfo

Copy /Users/sreeram/Library/Developer/Xcode/DerivedData/Chowser-beahajwjvizoovalnuskecignryj/Build/Products/Debug/Chowser.swiftmodule/arm64-apple-macos.abi.json /Users/sreeram/Library/Developer/Xcode/DerivedData/Chowser-beahajwjvizoovalnuskecignryj/Build/Intermediates.noindex/Chowser.build/Debug/Chowser.build/Objects-normal/arm64/Chowser.abi.json (in target 'Chowser' from project 'Chowser')
    cd /Users/sreeram/workspace/Sreeram/projects/Chowser
    builtin-copy -exclude .DS_Store -exclude CVS -exclude .svn -exclude .git -exclude .hg -resolve-src-symlinks -rename /Users/sreeram/Library/Developer/Xcode/DerivedData/Chowser-beahajwjvizoovalnuskecignryj/Build/Intermediates.noindex/Chowser.build/Debug/Chowser.build/Objects-normal/arm64/Chowser.abi.json /Users/sreeram/Library/Developer/Xcode/DerivedData/Chowser-beahajwjvizoovalnuskecignryj/Build/Products/Debug/Chowser.swiftmodule/arm64-apple-macos.abi.json

Copy /Users/sreeram/Library/Developer/Xcode/DerivedData/Chowser-beahajwjvizoovalnuskecignryj/Build/Products/Debug/Chowser.swiftmodule/arm64-apple-macos.swiftmodule /Users/sreeram/Library/Developer/Xcode/DerivedData/Chowser-beahajwjvizoovalnuskecignryj/Build/Intermediates.noindex/Chowser.build/Debug/Chowser.build/Objects-normal/arm64/Chowser.swiftmodule (in target 'Chowser' from project 'Chowser')
    cd /Users/sreeram/workspace/Sreeram/projects/Chowser
    builtin-copy -exclude .DS_Store -exclude CVS -exclude .svn -exclude .git -exclude .hg -resolve-src-symlinks -rename /Users/sreeram/Library/Developer/Xcode/DerivedData/Chowser-beahajwjvizoovalnuskecignryj/Build/Intermediates.noindex/Chowser.build/Debug/Chowser.build/Objects-normal/arm64/Chowser.swiftmodule /Users/sreeram/Library/Developer/Xcode/DerivedData/Chowser-beahajwjvizoovalnuskecignryj/Build/Products/Debug/Chowser.swiftmodule/arm64-apple-macos.swiftmodule

Ld /Users/sreeram/Library/Developer/Xcode/DerivedData/Chowser-beahajwjvizoovalnuskecignryj/Build/Products/Debug/Chowser.app/Contents/MacOS/Chowser.debug.dylib normal (in target 'Chowser' from project 'Chowser')
    cd /Users/sreeram/workspace/Sreeram/projects/Chowser
    /Applications/Xcode.app/Contents/Developer/Toolchains/XcodeDefault.xctoolchain/usr/bin/clang -Xlinker -reproducible -target arm64-apple-macos14.0 -dynamiclib -isysroot /Applications/Xcode.app/Contents/Developer/Platforms/MacOSX.platform/Developer/SDKs/MacOSX26.2.sdk -O0 -L/Users/sreeram/Library/Developer/Xcode/DerivedData/Chowser-beahajwjvizoovalnuskecignryj/Build/Intermediates.noindex/EagerLinkingTBDs/Debug -L/Users/sreeram/Library/Developer/Xcode/DerivedData/Chowser-beahajwjvizoovalnuskecignryj/Build/Products/Debug -F/Users/sreeram/Library/Developer/Xcode/DerivedData/Chowser-beahajwjvizoovalnuskecignryj/Build/Intermediates.noindex/EagerLinkingTBDs/Debug -F/Users/sreeram/Library/Developer/Xcode/DerivedData/Chowser-beahajwjvizoovalnuskecignryj/Build/Products/Debug -filelist /Users/sreeram/Library/Developer/Xcode/DerivedData/Chowser-beahajwjvizoovalnuskecignryj/Build/Intermediates.noindex/Chowser.build/Debug/Chowser.build/Objects-normal/arm64/Chowser.LinkFileList -install_name @rpath/Chowser.debug.dylib -Xlinker -rpath -Xlinker /usr/lib/swift -Xlinker -rpath -Xlinker @executable_path/../Frameworks -Xlinker -object_path_lto -Xlinker /Users/sreeram/Library/Developer/Xcode/DerivedData/Chowser-beahajwjvizoovalnuskecignryj/Build/Intermediates.noindex/Chowser.build/Debug/Chowser.build/Objects-normal/arm64/Chowser_lto.o -rdynamic -Xlinker -no_deduplicate -Xlinker -debug_variant -Xlinker -dependency_info -Xlinker /Users/sreeram/Library/Developer/Xcode/DerivedData/Chowser-beahajwjvizoovalnuskecignryj/Build/Intermediates.noindex/Chowser.build/Debug/Chowser.build/Objects-normal/arm64/Chowser_dependency_info.dat -fobjc-link-runtime -fprofile-instr-generate -L/Applications/Xcode.app/Contents/Developer/Toolchains/XcodeDefault.xctoolchain/usr/lib/swift/macosx -L/usr/lib/swift -Xlinker -add_ast_path -Xlinker /Users/sreeram/Library/Developer/Xcode/DerivedData/Chowser-beahajwjvizoovalnuskecignryj/Build/Intermediates.noindex/Chowser.build/Debug/Chowser.build/Objects-normal/arm64/Chowser.swiftmodule @/Users/sreeram/Library/Developer/Xcode/DerivedData/Chowser-beahajwjvizoovalnuskecignryj/Build/Intermediates.noindex/Chowser.build/Debug/Chowser.build/Objects-normal/arm64/Chowser-linker-args.resp -Xlinker -alias -Xlinker _main -Xlinker ___debug_main_executable_dylib_entry_point -Xlinker -no_adhoc_codesign -o /Users/sreeram/Library/Developer/Xcode/DerivedData/Chowser-beahajwjvizoovalnuskecignryj/Build/Products/Debug/Chowser.app/Contents/MacOS/Chowser.debug.dylib

ConstructStubExecutorLinkFileList /Users/sreeram/Library/Developer/Xcode/DerivedData/Chowser-beahajwjvizoovalnuskecignryj/Build/Intermediates.noindex/Chowser.build/Debug/Chowser.build/Chowser-ExecutorLinkFileList-normal-arm64.txt (in target 'Chowser' from project 'Chowser')
    cd /Users/sreeram/workspace/Sreeram/projects/Chowser
    construct-stub-executor-link-file-list /Users/sreeram/Library/Developer/Xcode/DerivedData/Chowser-beahajwjvizoovalnuskecignryj/Build/Products/Debug/Chowser.app/Contents/MacOS/Chowser.debug.dylib /Applications/Xcode.app/Contents/Developer/Platforms/MacOSX.platform/Developer/usr/lib/libPreviewsJITStubExecutor_no_swift_entry_point.a /Applications/Xcode.app/Contents/Developer/Platforms/MacOSX.platform/Developer/usr/lib/libPreviewsJITStubExecutor.a --output /Users/sreeram/Library/Developer/Xcode/DerivedData/Chowser-beahajwjvizoovalnuskecignryj/Build/Intermediates.noindex/Chowser.build/Debug/Chowser.build/Chowser-ExecutorLinkFileList-normal-arm64.txt
note: Using stub executor library with Swift entry point. (in target 'Chowser' from project 'Chowser')

Ld /Users/sreeram/Library/Developer/Xcode/DerivedData/Chowser-beahajwjvizoovalnuskecignryj/Build/Products/Debug/Chowser.app/Contents/MacOS/Chowser normal (in target 'Chowser' from project 'Chowser')
    cd /Users/sreeram/workspace/Sreeram/projects/Chowser
    /Applications/Xcode.app/Contents/Developer/Toolchains/XcodeDefault.xctoolchain/usr/bin/clang -Xlinker -reproducible -target arm64-apple-macos14.0 -isysroot /Applications/Xcode.app/Contents/Developer/Platforms/MacOSX.platform/Developer/SDKs/MacOSX26.2.sdk -O0 -L/Users/sreeram/Library/Developer/Xcode/DerivedData/Chowser-beahajwjvizoovalnuskecignryj/Build/Products/Debug -F/Users/sreeram/Library/Developer/Xcode/DerivedData/Chowser-beahajwjvizoovalnuskecignryj/Build/Products/Debug -Xlinker -rpath -Xlinker @executable_path -Xlinker -rpath -Xlinker @executable_path/../Frameworks -rdynamic -Xlinker -no_deduplicate -Xlinker -debug_variant -e ___debug_blank_executor_main -Xlinker -sectcreate -Xlinker __TEXT -Xlinker __debug_dylib -Xlinker /Users/sreeram/Library/Developer/Xcode/DerivedData/Chowser-beahajwjvizoovalnuskecignryj/Build/Intermediates.noindex/Chowser.build/Debug/Chowser.build/Chowser-DebugDylibPath-normal-arm64.txt -Xlinker -sectcreate -Xlinker __TEXT -Xlinker __debug_instlnm -Xlinker /Users/sreeram/Library/Developer/Xcode/DerivedData/Chowser-beahajwjvizoovalnuskecignryj/Build/Intermediates.noindex/Chowser.build/Debug/Chowser.build/Chowser-DebugDylibInstallName-normal-arm64.txt -Xlinker -filelist -Xlinker /Users/sreeram/Library/Developer/Xcode/DerivedData/Chowser-beahajwjvizoovalnuskecignryj/Build/Intermediates.noindex/Chowser.build/Debug/Chowser.build/Chowser-ExecutorLinkFileList-normal-arm64.txt /Users/sreeram/Library/Developer/Xcode/DerivedData/Chowser-beahajwjvizoovalnuskecignryj/Build/Products/Debug/Chowser.app/Contents/MacOS/Chowser.debug.dylib -Xlinker -no_adhoc_codesign -o /Users/sreeram/Library/Developer/Xcode/DerivedData/Chowser-beahajwjvizoovalnuskecignryj/Build/Products/Debug/Chowser.app/Contents/MacOS/Chowser

CopySwiftLibs /Users/sreeram/Library/Developer/Xcode/DerivedData/Chowser-beahajwjvizoovalnuskecignryj/Build/Products/Debug/Chowser.app (in target 'Chowser' from project 'Chowser')
    cd /Users/sreeram/workspace/Sreeram/projects/Chowser
    builtin-swiftStdLibTool --copy --verbose --sign 223D8B28DD323883D6F28751734A55923C7F09F4 --scan-executable /Users/sreeram/Library/Developer/Xcode/DerivedData/Chowser-beahajwjvizoovalnuskecignryj/Build/Products/Debug/Chowser.app/Contents/MacOS/Chowser.debug.dylib --scan-folder /Users/sreeram/Library/Developer/Xcode/DerivedData/Chowser-beahajwjvizoovalnuskecignryj/Build/Products/Debug/Chowser.app/Contents/Frameworks --scan-folder /Users/sreeram/Library/Developer/Xcode/DerivedData/Chowser-beahajwjvizoovalnuskecignryj/Build/Products/Debug/Chowser.app/Contents/PlugIns --scan-folder /Users/sreeram/Library/Developer/Xcode/DerivedData/Chowser-beahajwjvizoovalnuskecignryj/Build/Products/Debug/Chowser.app/Contents/Library/SystemExtensions --scan-folder /Users/sreeram/Library/Developer/Xcode/DerivedData/Chowser-beahajwjvizoovalnuskecignryj/Build/Products/Debug/Chowser.app/Contents/Extensions --platform macosx --toolchain /Applications/Xcode.app/Contents/Developer/Toolchains/XcodeDefault.xctoolchain --destination /Users/sreeram/Library/Developer/Xcode/DerivedData/Chowser-beahajwjvizoovalnuskecignryj/Build/Products/Debug/Chowser.app/Contents/Frameworks --strip-bitcode --strip-bitcode-tool /Applications/Xcode.app/Contents/Developer/Toolchains/XcodeDefault.xctoolchain/usr/bin/bitcode_strip --emit-dependency-info /Users/sreeram/Library/Developer/Xcode/DerivedData/Chowser-beahajwjvizoovalnuskecignryj/Build/Intermediates.noindex/Chowser.build/Debug/Chowser.build/SwiftStdLibToolInputDependencies.dep --filter-for-swift-os --back-deploy-swift-span

ExtractAppIntentsMetadata (in target 'Chowser' from project 'Chowser')
    cd /Users/sreeram/workspace/Sreeram/projects/Chowser
    /Applications/Xcode.app/Contents/Developer/Toolchains/XcodeDefault.xctoolchain/usr/bin/appintentsmetadataprocessor --toolchain-dir /Applications/Xcode.app/Contents/Developer/Toolchains/XcodeDefault.xctoolchain --module-name Chowser --sdk-root /Applications/Xcode.app/Contents/Developer/Platforms/MacOSX.platform/Developer/SDKs/MacOSX26.2.sdk --xcode-version 17C52 --platform-family macOS --deployment-target 14.0 --bundle-identifier in.sreerams.Chowser --output /Users/sreeram/Library/Developer/Xcode/DerivedData/Chowser-beahajwjvizoovalnuskecignryj/Build/Products/Debug/Chowser.app/Contents/Resources --target-triple arm64-apple-macos14.0 --binary-file /Users/sreeram/Library/Developer/Xcode/DerivedData/Chowser-beahajwjvizoovalnuskecignryj/Build/Products/Debug/Chowser.app/Contents/MacOS/Chowser --dependency-file /Users/sreeram/Library/Developer/Xcode/DerivedData/Chowser-beahajwjvizoovalnuskecignryj/Build/Intermediates.noindex/Chowser.build/Debug/Chowser.build/Objects-normal/arm64/Chowser_dependency_info.dat --stringsdata-file /Users/sreeram/Library/Developer/Xcode/DerivedData/Chowser-beahajwjvizoovalnuskecignryj/Build/Intermediates.noindex/Chowser.build/Debug/Chowser.build/Objects-normal/arm64/ExtractedAppShortcutsMetadata.stringsdata --source-file-list /Users/sreeram/Library/Developer/Xcode/DerivedData/Chowser-beahajwjvizoovalnuskecignryj/Build/Intermediates.noindex/Chowser.build/Debug/Chowser.build/Objects-normal/arm64/Chowser.SwiftFileList --metadata-file-list /Users/sreeram/Library/Developer/Xcode/DerivedData/Chowser-beahajwjvizoovalnuskecignryj/Build/Intermediates.noindex/Chowser.build/Debug/Chowser.build/Chowser.DependencyMetadataFileList --static-metadata-file-list /Users/sreeram/Library/Developer/Xcode/DerivedData/Chowser-beahajwjvizoovalnuskecignryj/Build/Intermediates.noindex/Chowser.build/Debug/Chowser.build/Chowser.DependencyStaticMetadataFileList --swift-const-vals-list /Users/sreeram/Library/Developer/Xcode/DerivedData/Chowser-beahajwjvizoovalnuskecignryj/Build/Intermediates.noindex/Chowser.build/Debug/Chowser.build/Objects-normal/arm64/Chowser.SwiftConstValuesFileList --compile-time-extraction --deployment-aware-processing --validate-assistant-intents --no-app-shortcuts-localization
2026-03-10 00:20:01.600 appintentsmetadataprocessor[22667:11183565] Starting appintentsmetadataprocessor export
2026-03-10 00:20:01.601 appintentsmetadataprocessor[22667:11183565] warning: Metadata extraction skipped. No AppIntents.framework dependency found.

CodeSign /Users/sreeram/Library/Developer/Xcode/DerivedData/Chowser-beahajwjvizoovalnuskecignryj/Build/Products/Debug/Chowser.app/Contents/MacOS/Chowser.debug.dylib (in target 'Chowser' from project 'Chowser')
    cd /Users/sreeram/workspace/Sreeram/projects/Chowser
    
    Signing Identity:     "Apple Development: Sreeram Balamurugan (6DBAH3ZN57)"
    
    /usr/bin/codesign --force --sign 223D8B28DD323883D6F28751734A55923C7F09F4 -o runtime --timestamp\=none --generate-entitlement-der /Users/sreeram/Library/Developer/Xcode/DerivedData/Chowser-beahajwjvizoovalnuskecignryj/Build/Products/Debug/Chowser.app/Contents/MacOS/Chowser.debug.dylib

CodeSign /Users/sreeram/Library/Developer/Xcode/DerivedData/Chowser-beahajwjvizoovalnuskecignryj/Build/Products/Debug/Chowser.app/Contents/MacOS/__preview.dylib (in target 'Chowser' from project 'Chowser')
    cd /Users/sreeram/workspace/Sreeram/projects/Chowser
    
    Signing Identity:     "Apple Development: Sreeram Balamurugan (6DBAH3ZN57)"
    
    /usr/bin/codesign --force --sign 223D8B28DD323883D6F28751734A55923C7F09F4 -o runtime --timestamp\=none --generate-entitlement-der /Users/sreeram/Library/Developer/Xcode/DerivedData/Chowser-beahajwjvizoovalnuskecignryj/Build/Products/Debug/Chowser.app/Contents/MacOS/__preview.dylib

CodeSign /Users/sreeram/Library/Developer/Xcode/DerivedData/Chowser-beahajwjvizoovalnuskecignryj/Build/Products/Debug/Chowser.app (in target 'Chowser' from project 'Chowser')
    cd /Users/sreeram/workspace/Sreeram/projects/Chowser
    
    Signing Identity:     "Apple Development: Sreeram Balamurugan (6DBAH3ZN57)"
    
    /usr/bin/codesign --force --sign 223D8B28DD323883D6F28751734A55923C7F09F4 -o runtime --entitlements /Users/sreeram/Library/Developer/Xcode/DerivedData/Chowser-beahajwjvizoovalnuskecignryj/Build/Intermediates.noindex/Chowser.build/Debug/Chowser.build/Chowser.app.xcent --timestamp\=none --generate-entitlement-der /Users/sreeram/Library/Developer/Xcode/DerivedData/Chowser-beahajwjvizoovalnuskecignryj/Build/Products/Debug/Chowser.app

Validate /Users/sreeram/Library/Developer/Xcode/DerivedData/Chowser-beahajwjvizoovalnuskecignryj/Build/Products/Debug/Chowser.app (in target 'Chowser' from project 'Chowser')
    cd /Users/sreeram/workspace/Sreeram/projects/Chowser
    builtin-validationUtility /Users/sreeram/Library/Developer/Xcode/DerivedData/Chowser-beahajwjvizoovalnuskecignryj/Build/Products/Debug/Chowser.app -no-validate-extension -infoplist-subpath Contents/Info.plist

RegisterWithLaunchServices /Users/sreeram/Library/Developer/Xcode/DerivedData/Chowser-beahajwjvizoovalnuskecignryj/Build/Products/Debug/Chowser.app (in target 'Chowser' from project 'Chowser')
    cd /Users/sreeram/workspace/Sreeram/projects/Chowser
    /System/Library/Frameworks/CoreServices.framework/Versions/Current/Frameworks/LaunchServices.framework/Versions/Current/Support/lsregister -f -R -trusted /Users/sreeram/Library/Developer/Xcode/DerivedData/Chowser-beahajwjvizoovalnuskecignryj/Build/Products/Debug/Chowser.app

** BUILD SUCCEEDED **

